<?xml version="1.0" encoding="UTF-8"?>
<testng-results ignored="0" total="4" passed="4" failed="0" skipped="0">
  <reporter-output>
  </reporter-output>
  <suite started-at="2024-02-05T19:36:31 IST" name="Gradle suite" finished-at="2024-02-05T19:36:46 IST" duration-ms="15054">
    <groups>
      <group name="API Tests">
        <method signature="testCase_API_01.testCase01()[pri:0, instance:qtriptest.APITests.testCase_API_01@53aac487]" name="testCase01" class="qtriptest.APITests.testCase_API_01"/>
        <method signature="testCase_API_02.testCase02()[pri:0, instance:qtriptest.APITests.testCase_API_02@3f6f6701]" name="testCase02" class="qtriptest.APITests.testCase_API_02"/>
        <method signature="testCase_API_03.testCase03()[pri:0, instance:qtriptest.APITests.testCase_API_03@242b836]" name="testCase03" class="qtriptest.APITests.testCase_API_03"/>
        <method signature="testCase_API_04.testCase04()[pri:0, instance:qtriptest.APITests.testCase_API_04@3527942a]" name="testCase04" class="qtriptest.APITests.testCase_API_04"/>
      </group> <!-- API Tests -->
    </groups>
    <test started-at="2024-02-05T19:36:31 IST" name="Gradle test" finished-at="2024-02-05T19:36:46 IST" duration-ms="15054">
      <class name="qtriptest.APITests.testCase_API_01">
        <test-method signature="testCase01()[pri:0, instance:qtriptest.APITests.testCase_API_01@53aac487]" started-at="2024-02-05T19:36:31 IST" name="testCase01" description="Verify registration and login" finished-at="2024-02-05T19:36:38 IST" duration-ms="6987" status="PASS">
          <reporter-output>
          </reporter-output>
        </test-method> <!-- testCase01 -->
      </class> <!-- qtriptest.APITests.testCase_API_01 -->
      <class name="qtriptest.APITests.testCase_API_02">
        <test-method signature="testCase02()[pri:0, instance:qtriptest.APITests.testCase_API_02@3f6f6701]" started-at="2024-02-05T19:36:38 IST" name="testCase02" description="Verify cities" finished-at="2024-02-05T19:36:39 IST" duration-ms="1230" status="PASS">
          <reporter-output>
          </reporter-output>
        </test-method> <!-- testCase02 -->
      </class> <!-- qtriptest.APITests.testCase_API_02 -->
      <class name="qtriptest.APITests.testCase_API_03">
        <test-method signature="testCase03()[pri:0, instance:qtriptest.APITests.testCase_API_03@242b836]" started-at="2024-02-05T19:36:39 IST" name="testCase03" description="Verify registration and make booking" finished-at="2024-02-05T19:36:44 IST" duration-ms="4409" status="PASS">
          <reporter-output>
          </reporter-output>
        </test-method> <!-- testCase03 -->
      </class> <!-- qtriptest.APITests.testCase_API_03 -->
      <class name="qtriptest.APITests.testCase_API_04">
        <test-method signature="testCase04()[pri:0, instance:qtriptest.APITests.testCase_API_04@3527942a]" started-at="2024-02-05T19:36:44 IST" name="testCase04" description="Verify registration and login" finished-at="2024-02-05T19:36:46 IST" duration-ms="2274" status="PASS">
          <reporter-output>
          </reporter-output>
        </test-method> <!-- testCase04 -->
      </class> <!-- qtriptest.APITests.testCase_API_04 -->
    </test> <!-- Gradle test -->
  </suite> <!-- Gradle suite -->
</testng-results>
